// Jest Snapshot v1, https://goo.gl/fbAQLP

exports[`renders correctly if empty forecast is passed 1`] = `
<View
  accessibilityComponentType={undefined}
  accessibilityLabel={undefined}
  accessibilityLiveRegion={undefined}
  accessibilityTraits={undefined}
  accessibilityViewIsModal={undefined}
  accessible={undefined}
  collapsable={undefined}
  hitSlop={undefined}
  importantForAccessibility={undefined}
  needsOffscreenAlphaCompositing={undefined}
  onAccessibilityTap={undefined}
  onLayout={undefined}
  onMagicTap={undefined}
  pointerEvents={undefined}
  removeClippedSubviews={undefined}
  renderToHardwareTextureAndroid={undefined}
  shouldRasterizeIOS={undefined}
  style={
    Object {
      "alignItems": "center",
      "backgroundColor": "#F0F0F0",
      "height": "100.00%",
      "justifyContent": "flex-end",
      "width": "100.00%",
    }
  }
  testID={undefined}
>
  <View
    accessibilityComponentType={undefined}
    accessibilityLabel={undefined}
    accessibilityLiveRegion={undefined}
    accessibilityTraits={undefined}
    accessibilityViewIsModal={undefined}
    accessible={undefined}
    collapsable={undefined}
    hitSlop={undefined}
    importantForAccessibility={undefined}
    needsOffscreenAlphaCompositing={undefined}
    onAccessibilityTap={undefined}
    onLayout={undefined}
    onMagicTap={undefined}
    pointerEvents={undefined}
    removeClippedSubviews={undefined}
    renderToHardwareTextureAndroid={undefined}
    shouldRasterizeIOS={undefined}
    style={
      Object {
        "backgroundColor": "rgba(0, 0, 0, 0.2)",
        "height": "100.00%",
        "position": "absolute",
        "right": 0,
        "top": 0,
        "width": 1,
        "zIndex": 2,
      }
    }
    testID={undefined}
  />
  <View
    accessibilityComponentType={undefined}
    accessibilityLabel={undefined}
    accessibilityLiveRegion={undefined}
    accessibilityTraits={undefined}
    accessibilityViewIsModal={undefined}
    accessible={undefined}
    collapsable={undefined}
    hitSlop={undefined}
    importantForAccessibility={undefined}
    needsOffscreenAlphaCompositing={undefined}
    onAccessibilityTap={undefined}
    onLayout={undefined}
    onMagicTap={undefined}
    pointerEvents={undefined}
    removeClippedSubviews={undefined}
    renderToHardwareTextureAndroid={undefined}
    shouldRasterizeIOS={undefined}
    style={
      Array [
        Object {
          "alignItems": "center",
          "elevation": 1.1,
          "height": 121,
          "justifyContent": "flex-start",
          "marginBottom": 10,
          "position": "relative",
          "shadowColor": "#000",
          "shadowOffset": Object {
            "height": 1,
            "width": 1,
          },
          "shadowOpacity": 0.1,
          "shadowRadius": 2,
          "width": "90.00%",
        },
        Object {
          "backgroundColor": "#adb3b4",
        },
      ]
    }
    testID={undefined}
  >
    <View
      accessibilityComponentType={undefined}
      accessibilityLabel={undefined}
      accessibilityLiveRegion={undefined}
      accessibilityTraits={undefined}
      accessibilityViewIsModal={undefined}
      accessible={undefined}
      collapsable={undefined}
      hitSlop={undefined}
      importantForAccessibility={undefined}
      needsOffscreenAlphaCompositing={undefined}
      onAccessibilityTap={undefined}
      onLayout={undefined}
      onMagicTap={undefined}
      pointerEvents={undefined}
      removeClippedSubviews={undefined}
      renderToHardwareTextureAndroid={undefined}
      shouldRasterizeIOS={undefined}
      style={
        Object {
          "alignItems": "center",
          "height": "50.00%",
          "justifyContent": "center",
          "width": "50.00%",
        }
      }
      testID={undefined}
    >
      <Image
        accessibilityLabel={undefined}
        accessible={undefined}
        blurRadius={undefined}
        capInsets={undefined}
        defaultSource={undefined}
        onError={undefined}
        onLayout={undefined}
        onLoad={undefined}
        onLoadEnd={undefined}
        onLoadStart={undefined}
        onPartialLoad={undefined}
        onProgress={undefined}
        resizeMethod={undefined}
        resizeMode={undefined}
        source={
          Object {
            "testUri": "../../../assets/weather_icons/sunny.png",
          }
        }
        style={
          Object {
            "alignSelf": "center",
            "marginTop": 5,
            "resizeMode": "contain",
            "width": "50.00%",
          }
        }
        testID={undefined}
      />
    </View>
    <Text
      accessible={true}
      adjustsFontSizeToFit={undefined}
      allowFontScaling={true}
      ellipsizeMode="tail"
      minimumFontScale={undefined}
      numberOfLines={undefined}
      onLayout={undefined}
      onLongPress={undefined}
      onPress={undefined}
      pressRetentionOffset={undefined}
      selectable={undefined}
      selectionColor={undefined}
      style={
        Object {
          "color": "#FFF",
          "fontSize": 14,
          "fontWeight": "bold",
          "marginTop": -5,
        }
      }
      suppressHighlighting={undefined}
      testID={undefined}
      textBreakStrategy={undefined}
    >
      0°
      <Text
        accessible={true}
        adjustsFontSizeToFit={undefined}
        allowFontScaling={true}
        ellipsizeMode="tail"
        minimumFontScale={undefined}
        numberOfLines={undefined}
        onLayout={undefined}
        onLongPress={undefined}
        onPress={undefined}
        pressRetentionOffset={undefined}
        selectable={undefined}
        selectionColor={undefined}
        style={
          Object {
            "color": "#FFF",
            "fontSize": 10,
            "fontWeight": "400",
            "marginTop": -5,
          }
        }
        suppressHighlighting={undefined}
        testID={undefined}
        textBreakStrategy={undefined}
      >
         / 0°
      </Text>
    </Text>
    <Text
      accessible={true}
      adjustsFontSizeToFit={undefined}
      allowFontScaling={true}
      ellipsizeMode="tail"
      minimumFontScale={undefined}
      numberOfLines={undefined}
      onLayout={undefined}
      onLongPress={undefined}
      onPress={undefined}
      pressRetentionOffset={undefined}
      selectable={undefined}
      selectionColor={undefined}
      style={
        Object {
          "backgroundColor": "#FFF",
          "borderRadius": 5,
          "bottom": 0,
          "color": "#343434",
          "fontFamily": "Baskerville",
          "fontSize": 14,
          "height": 35,
          "paddingTop": 10,
          "position": "absolute",
          "textAlign": "center",
          "width": "100.00%",
        }
      }
      suppressHighlighting={undefined}
      testID={undefined}
      textBreakStrategy={undefined}
    >
      Thursday
    </Text>
  </View>
  <View
    accessibilityComponentType={undefined}
    accessibilityLabel={undefined}
    accessibilityLiveRegion={undefined}
    accessibilityTraits={undefined}
    accessibilityViewIsModal={undefined}
    accessible={undefined}
    collapsable={undefined}
    hitSlop={undefined}
    importantForAccessibility={undefined}
    needsOffscreenAlphaCompositing={undefined}
    onAccessibilityTap={undefined}
    onLayout={undefined}
    onMagicTap={undefined}
    pointerEvents={undefined}
    removeClippedSubviews={undefined}
    renderToHardwareTextureAndroid={undefined}
    shouldRasterizeIOS={undefined}
    style={
      Array [
        Object {
          "alignItems": "center",
          "elevation": 1.1,
          "height": 121,
          "justifyContent": "flex-start",
          "marginBottom": 10,
          "position": "relative",
          "shadowColor": "#000",
          "shadowOffset": Object {
            "height": 1,
            "width": 1,
          },
          "shadowOpacity": 0.1,
          "shadowRadius": 2,
          "width": "90.00%",
        },
        Object {
          "backgroundColor": "#606d96",
        },
      ]
    }
    testID={undefined}
  >
    <View
      accessibilityComponentType={undefined}
      accessibilityLabel={undefined}
      accessibilityLiveRegion={undefined}
      accessibilityTraits={undefined}
      accessibilityViewIsModal={undefined}
      accessible={undefined}
      collapsable={undefined}
      hitSlop={undefined}
      importantForAccessibility={undefined}
      needsOffscreenAlphaCompositing={undefined}
      onAccessibilityTap={undefined}
      onLayout={undefined}
      onMagicTap={undefined}
      pointerEvents={undefined}
      removeClippedSubviews={undefined}
      renderToHardwareTextureAndroid={undefined}
      shouldRasterizeIOS={undefined}
      style={
        Object {
          "alignItems": "center",
          "height": "50.00%",
          "justifyContent": "center",
          "width": "50.00%",
        }
      }
      testID={undefined}
    >
      <Image
        accessibilityLabel={undefined}
        accessible={undefined}
        blurRadius={undefined}
        capInsets={undefined}
        defaultSource={undefined}
        onError={undefined}
        onLayout={undefined}
        onLoad={undefined}
        onLoadEnd={undefined}
        onLoadStart={undefined}
        onPartialLoad={undefined}
        onProgress={undefined}
        resizeMethod={undefined}
        resizeMode={undefined}
        source={
          Object {
            "testUri": "../../../assets/weather_icons/rain_white.png",
          }
        }
        style={
          Object {
            "alignSelf": "center",
            "marginTop": 5,
            "resizeMode": "contain",
            "width": "50.00%",
          }
        }
        testID={undefined}
      />
    </View>
    <Text
      accessible={true}
      adjustsFontSizeToFit={undefined}
      allowFontScaling={true}
      ellipsizeMode="tail"
      minimumFontScale={undefined}
      numberOfLines={undefined}
      onLayout={undefined}
      onLongPress={undefined}
      onPress={undefined}
      pressRetentionOffset={undefined}
      selectable={undefined}
      selectionColor={undefined}
      style={
        Object {
          "color": "#FFF",
          "fontSize": 14,
          "fontWeight": "bold",
          "marginTop": -5,
        }
      }
      suppressHighlighting={undefined}
      testID={undefined}
      textBreakStrategy={undefined}
    >
      10°
      <Text
        accessible={true}
        adjustsFontSizeToFit={undefined}
        allowFontScaling={true}
        ellipsizeMode="tail"
        minimumFontScale={undefined}
        numberOfLines={undefined}
        onLayout={undefined}
        onLongPress={undefined}
        onPress={undefined}
        pressRetentionOffset={undefined}
        selectable={undefined}
        selectionColor={undefined}
        style={
          Object {
            "color": "#FFF",
            "fontSize": 10,
            "fontWeight": "400",
            "marginTop": -5,
          }
        }
        suppressHighlighting={undefined}
        testID={undefined}
        textBreakStrategy={undefined}
      >
         / -5°
      </Text>
    </Text>
    <Text
      accessible={true}
      adjustsFontSizeToFit={undefined}
      allowFontScaling={true}
      ellipsizeMode="tail"
      minimumFontScale={undefined}
      numberOfLines={undefined}
      onLayout={undefined}
      onLongPress={undefined}
      onPress={undefined}
      pressRetentionOffset={undefined}
      selectable={undefined}
      selectionColor={undefined}
      style={
        Object {
          "backgroundColor": "#FFF",
          "borderRadius": 5,
          "bottom": 0,
          "color": "#343434",
          "fontFamily": "Baskerville",
          "fontSize": 14,
          "height": 35,
          "paddingTop": 10,
          "position": "absolute",
          "textAlign": "center",
          "width": "100.00%",
        }
      }
      suppressHighlighting={undefined}
      testID={undefined}
      textBreakStrategy={undefined}
    >
      Friday
    </Text>
  </View>
</View>
`;
