// Jest Snapshot v1, https://goo.gl/fbAQLP

exports[`renders correctly when not selected 1`] = `
<View
  accessibilityComponentType={undefined}
  accessibilityLabel={undefined}
  accessibilityLiveRegion={undefined}
  accessibilityTraits={undefined}
  accessibilityViewIsModal={undefined}
  accessible={undefined}
  collapsable={undefined}
  hitSlop={undefined}
  importantForAccessibility={undefined}
  needsOffscreenAlphaCompositing={undefined}
  onAccessibilityTap={undefined}
  onLayout={undefined}
  onMagicTap={undefined}
  pointerEvents={undefined}
  removeClippedSubviews={undefined}
  renderToHardwareTextureAndroid={undefined}
  shouldRasterizeIOS={undefined}
  style={
    Array [
      Object {
        "alignItems": "center",
        "alignSelf": "center",
        "height": "100.00%",
        "justifyContent": "center",
        "position": "relative",
        "width": "100.00%",
      },
      Object {
        "backgroundColor": "#EFEFEF",
      },
    ]
  }
  testID={undefined}
>
  <View
    accessibilityComponentType={undefined}
    accessibilityLabel={undefined}
    accessibilityLiveRegion={undefined}
    accessibilityTraits={undefined}
    accessibilityViewIsModal={undefined}
    accessible={undefined}
    collapsable={undefined}
    hitSlop={undefined}
    importantForAccessibility={undefined}
    needsOffscreenAlphaCompositing={undefined}
    onAccessibilityTap={undefined}
    onLayout={undefined}
    onMagicTap={undefined}
    pointerEvents={undefined}
    removeClippedSubviews={undefined}
    renderToHardwareTextureAndroid={undefined}
    shouldRasterizeIOS={undefined}
    style={
      Object {
        "alignItems": "center",
        "height": "50.00%",
        "justifyContent": "center",
        "width": "50.00%",
      }
    }
    testID={undefined}
  >
    <Image
      accessibilityLabel={undefined}
      accessible={undefined}
      blurRadius={undefined}
      capInsets={undefined}
      defaultSource={undefined}
      onError={undefined}
      onLayout={undefined}
      onLoad={undefined}
      onLoadEnd={undefined}
      onLoadStart={undefined}
      onPartialLoad={undefined}
      onProgress={undefined}
      resizeMethod={undefined}
      resizeMode={undefined}
      source={
        Object {
          "testUri": "../../../assets/weather_icons/sunny.png",
        }
      }
      style={
        Object {
          "alignSelf": "center",
          "resizeMode": "contain",
          "width": "55.00%",
        }
      }
      testID={undefined}
    />
  </View>
  <Text
    accessible={true}
    adjustsFontSizeToFit={undefined}
    allowFontScaling={true}
    ellipsizeMode="tail"
    minimumFontScale={undefined}
    numberOfLines={undefined}
    onLayout={undefined}
    onLongPress={undefined}
    onPress={undefined}
    pressRetentionOffset={undefined}
    selectable={undefined}
    selectionColor={undefined}
    style={
      Array [
        Object {
          "color": "#343434",
          "fontFamily": "Baskerville",
          "fontSize": 16,
          "height": 30,
          "textAlign": "center",
          "width": "100.00%",
        },
        Object {
          "color": "#343434",
        },
      ]
    }
    suppressHighlighting={undefined}
    testID={undefined}
    textBreakStrategy={undefined}
  >
    Tokyo
  </Text>
</View>
`;

exports[`renders correctly when selected 1`] = `
<View
  accessibilityComponentType={undefined}
  accessibilityLabel={undefined}
  accessibilityLiveRegion={undefined}
  accessibilityTraits={undefined}
  accessibilityViewIsModal={undefined}
  accessible={undefined}
  collapsable={undefined}
  hitSlop={undefined}
  importantForAccessibility={undefined}
  needsOffscreenAlphaCompositing={undefined}
  onAccessibilityTap={undefined}
  onLayout={undefined}
  onMagicTap={undefined}
  pointerEvents={undefined}
  removeClippedSubviews={undefined}
  renderToHardwareTextureAndroid={undefined}
  shouldRasterizeIOS={undefined}
  style={
    Array [
      Object {
        "alignItems": "center",
        "alignSelf": "center",
        "height": "100.00%",
        "justifyContent": "center",
        "position": "relative",
        "width": "100.00%",
      },
      Object {
        "backgroundColor": "#9a9fa0",
      },
    ]
  }
  testID={undefined}
>
  <View
    accessibilityComponentType={undefined}
    accessibilityLabel={undefined}
    accessibilityLiveRegion={undefined}
    accessibilityTraits={undefined}
    accessibilityViewIsModal={undefined}
    accessible={undefined}
    collapsable={undefined}
    hitSlop={undefined}
    importantForAccessibility={undefined}
    needsOffscreenAlphaCompositing={undefined}
    onAccessibilityTap={undefined}
    onLayout={undefined}
    onMagicTap={undefined}
    pointerEvents={undefined}
    removeClippedSubviews={undefined}
    renderToHardwareTextureAndroid={undefined}
    shouldRasterizeIOS={undefined}
    style={
      Object {
        "alignItems": "center",
        "height": "50.00%",
        "justifyContent": "center",
        "width": "50.00%",
      }
    }
    testID={undefined}
  >
    <Image
      accessibilityLabel={undefined}
      accessible={undefined}
      blurRadius={undefined}
      capInsets={undefined}
      defaultSource={undefined}
      onError={undefined}
      onLayout={undefined}
      onLoad={undefined}
      onLoadEnd={undefined}
      onLoadStart={undefined}
      onPartialLoad={undefined}
      onProgress={undefined}
      resizeMethod={undefined}
      resizeMode={undefined}
      source={
        Object {
          "testUri": "../../../assets/weather_icons/sunny.png",
        }
      }
      style={
        Object {
          "alignSelf": "center",
          "resizeMode": "contain",
          "width": "55.00%",
        }
      }
      testID={undefined}
    />
  </View>
  <Text
    accessible={true}
    adjustsFontSizeToFit={undefined}
    allowFontScaling={true}
    ellipsizeMode="tail"
    minimumFontScale={undefined}
    numberOfLines={undefined}
    onLayout={undefined}
    onLongPress={undefined}
    onPress={undefined}
    pressRetentionOffset={undefined}
    selectable={undefined}
    selectionColor={undefined}
    style={
      Array [
        Object {
          "color": "#343434",
          "fontFamily": "Baskerville",
          "fontSize": 16,
          "height": 30,
          "textAlign": "center",
          "width": "100.00%",
        },
        Object {
          "color": "#EFEFEF",
        },
      ]
    }
    suppressHighlighting={undefined}
    testID={undefined}
    textBreakStrategy={undefined}
  >
    Tokyo
  </Text>
</View>
`;
